=== RUN   TestCompiledExecutionSnapshot
--- PASS: TestCompiledExecutionSnapshot (0.00s)
=== RUN   TestCompiledArtifactUsesExecutionSnapshot
=== RUN   TestCompiledArtifactUsesExecutionSnapshot/compiler
=== RUN   TestCompiledArtifactUsesExecutionSnapshot/compiler/valid_public_edits
=== RUN   TestCompiledArtifactUsesExecutionSnapshot/compiler/valid_public_edits/MarshalBinary
=== RUN   TestCompiledArtifactUsesExecutionSnapshot/compiler/valid_public_edits/WriteTo
=== RUN   TestCompiledArtifactUsesExecutionSnapshot/compiler/valid_public_edits/ArtifactSectionSizes
=== RUN   TestCompiledArtifactUsesExecutionSnapshot/compiler/invalid_public_edits
=== RUN   TestCompiledArtifactUsesExecutionSnapshot/compiler/invalid_public_edits/MarshalBinary
=== RUN   TestCompiledArtifactUsesExecutionSnapshot/compiler/invalid_public_edits/WriteTo
=== RUN   TestCompiledArtifactUsesExecutionSnapshot/compiler/invalid_public_edits/ArtifactSectionSizes
=== RUN   TestCompiledArtifactUsesExecutionSnapshot/loader
=== RUN   TestCompiledArtifactUsesExecutionSnapshot/loader/valid_public_edits
=== RUN   TestCompiledArtifactUsesExecutionSnapshot/loader/valid_public_edits/MarshalBinary
=== RUN   TestCompiledArtifactUsesExecutionSnapshot/loader/valid_public_edits/WriteTo
=== RUN   TestCompiledArtifactUsesExecutionSnapshot/loader/valid_public_edits/ArtifactSectionSizes
=== RUN   TestCompiledArtifactUsesExecutionSnapshot/loader/invalid_public_edits
=== RUN   TestCompiledArtifactUsesExecutionSnapshot/loader/invalid_public_edits/MarshalBinary
=== RUN   TestCompiledArtifactUsesExecutionSnapshot/loader/invalid_public_edits/WriteTo
=== RUN   TestCompiledArtifactUsesExecutionSnapshot/loader/invalid_public_edits/ArtifactSectionSizes
--- PASS: TestCompiledArtifactUsesExecutionSnapshot (0.00s)
    --- PASS: TestCompiledArtifactUsesExecutionSnapshot/compiler (0.00s)
        --- PASS: TestCompiledArtifactUsesExecutionSnapshot/compiler/valid_public_edits (0.00s)
            --- PASS: TestCompiledArtifactUsesExecutionSnapshot/compiler/valid_public_edits/MarshalBinary (0.00s)
            --- PASS: TestCompiledArtifactUsesExecutionSnapshot/compiler/valid_public_edits/WriteTo (0.00s)
            --- PASS: TestCompiledArtifactUsesExecutionSnapshot/compiler/valid_public_edits/ArtifactSectionSizes (0.00s)
        --- PASS: TestCompiledArtifactUsesExecutionSnapshot/compiler/invalid_public_edits (0.00s)
            --- PASS: TestCompiledArtifactUsesExecutionSnapshot/compiler/invalid_public_edits/MarshalBinary (0.00s)
            --- PASS: TestCompiledArtifactUsesExecutionSnapshot/compiler/invalid_public_edits/WriteTo (0.00s)
            --- PASS: TestCompiledArtifactUsesExecutionSnapshot/compiler/invalid_public_edits/ArtifactSectionSizes (0.00s)
    --- PASS: TestCompiledArtifactUsesExecutionSnapshot/loader (0.00s)
        --- PASS: TestCompiledArtifactUsesExecutionSnapshot/loader/valid_public_edits (0.00s)
            --- PASS: TestCompiledArtifactUsesExecutionSnapshot/loader/valid_public_edits/MarshalBinary (0.00s)
            --- PASS: TestCompiledArtifactUsesExecutionSnapshot/loader/valid_public_edits/WriteTo (0.00s)
            --- PASS: TestCompiledArtifactUsesExecutionSnapshot/loader/valid_public_edits/ArtifactSectionSizes (0.00s)
        --- PASS: TestCompiledArtifactUsesExecutionSnapshot/loader/invalid_public_edits (0.00s)
            --- PASS: TestCompiledArtifactUsesExecutionSnapshot/loader/invalid_public_edits/MarshalBinary (0.00s)
            --- PASS: TestCompiledArtifactUsesExecutionSnapshot/loader/invalid_public_edits/WriteTo (0.00s)
            --- PASS: TestCompiledArtifactUsesExecutionSnapshot/loader/invalid_public_edits/ArtifactSectionSizes (0.00s)
=== RUN   TestScalarSyncHostCallUsesOneScopedHandleAllocation
--- PASS: TestScalarSyncHostCallUsesOneScopedHandleAllocation (0.00s)
=== RUN   TestTypedScalarSyncHostCallAllocatesNothing
--- PASS: TestTypedScalarSyncHostCallAllocatesNothing (0.00s)
=== RUN   TestImportSnapshotFailureStable
=== RUN   TestImportSnapshotFailureStable/nil
=== RUN   TestImportSnapshotFailureStable/signature
--- PASS: TestImportSnapshotFailureStable (0.00s)
    --- PASS: TestImportSnapshotFailureStable/nil (0.00s)
    --- PASS: TestImportSnapshotFailureStable/signature (0.00s)
=== RUN   TestImportSnapshotSealedMutation
=== RUN   TestImportSnapshotSealedMutation/valid
=== RUN   TestImportSnapshotSealedMutation/nil
=== RUN   TestImportSnapshotSealedMutation/signature
--- PASS: TestImportSnapshotSealedMutation (0.00s)
    --- PASS: TestImportSnapshotSealedMutation/valid (0.00s)
    --- PASS: TestImportSnapshotSealedMutation/nil (0.00s)
    --- PASS: TestImportSnapshotSealedMutation/signature (0.00s)
=== RUN   TestImportSnapshotConcurrentStable
=== RUN   TestImportSnapshotConcurrentStable/valid
=== RUN   TestImportSnapshotConcurrentStable/nil
=== RUN   TestImportSnapshotConcurrentStable/signature
--- PASS: TestImportSnapshotConcurrentStable (0.00s)
    --- PASS: TestImportSnapshotConcurrentStable/valid (0.00s)
    --- PASS: TestImportSnapshotConcurrentStable/nil (0.00s)
    --- PASS: TestImportSnapshotConcurrentStable/signature (0.00s)
=== RUN   TestImportSnapshotFirstValidationComplete
--- PASS: TestImportSnapshotFirstValidationComplete (0.00s)
=== RUN   TestImportSnapshotDeclarationCallbacks
=== RUN   TestImportSnapshotDeclarationCallbacks/false
=== RUN   TestImportSnapshotDeclarationCallbacks/true
--- PASS: TestImportSnapshotDeclarationCallbacks (0.00s)
    --- PASS: TestImportSnapshotDeclarationCallbacks/false (0.00s)
    --- PASS: TestImportSnapshotDeclarationCallbacks/true (0.00s)
=== RUN   TestImportSnapshotConcurrentAndAllocationBudget
--- PASS: TestImportSnapshotConcurrentAndAllocationBudget (0.00s)
=== RUN   TestCompiledActiveDataPrivateOwnership
    input_retention_test.go:35: public data still aliases caller input; compact-copy candidate was rejected
--- PASS: TestCompiledActiveDataPrivateOwnership (0.00s)
=== RUN   TestNativeIdleCacheResidencyDiagnostic
=== RUN   TestNativeIdleCacheResidencyDiagnostic/stack-4194304
    native_cache_residency_linux_amd64_test.go:86: stage=created owner-address=7f4269bfffff VMA="7f4269800000-7f4269c00000 rw-p 00000000 00:00 0 " rss-KiB=2048 pss-KiB=2048 whole-process-maxrss-KiB=39084 minor=1990 major=0 HeapAlloc=2024896 HeapInuse=2826240 HeapReleased=4538368 StackInuse=327680 NumGC=13
    native_cache_residency_linux_amd64_test.go:94: stage=touched owner-address=7f4269bfffff VMA="7f4269800000-7f4269c00000 rw-p 00000000 00:00 0 " rss-KiB=2048 pss-KiB=2048 whole-process-maxrss-KiB=39084 minor=2000 major=0 HeapAlloc=2123096 HeapInuse=2932736 HeapReleased=4538368 StackInuse=327680 NumGC=13
    native_cache_residency_linux_amd64_test.go:98: stage=closed-idle owner-address=7f4269bfffff VMA="7f4269800000-7f4269c00000 rw-p 00000000 00:00 0 " rss-KiB=2048 pss-KiB=2048 whole-process-maxrss-KiB=39084 minor=2000 major=0 HeapAlloc=2220112 HeapInuse=3014656 HeapReleased=4538368 StackInuse=327680 NumGC=13
    native_cache_residency_linux_amd64_test.go:115: stage=small-closed-old-address owner-address=7f4269bfffff VMA="7f4269800000-7f4269c00000 rw-p 00000000 00:00 0 " rss-KiB=2048 pss-KiB=2048 whole-process-maxrss-KiB=39084 minor=2010 major=0 HeapAlloc=2334592 HeapInuse=3137536 HeapReleased=4538368 StackInuse=327680 NumGC=13
=== RUN   TestNativeIdleCacheResidencyDiagnostic/stack-8388608
    native_cache_residency_linux_amd64_test.go:86: stage=created owner-address=7f446a1fffff VMA="7f4469a00000-7f446a200000 rw-p 00000000 00:00 0 " rss-KiB=0 pss-KiB=0 whole-process-maxrss-KiB=39084 minor=2029 major=0 HeapAlloc=2700728 HeapInuse=3383296 HeapReleased=4538368 StackInuse=327680 NumGC=13
    native_cache_residency_linux_amd64_test.go:94: stage=touched owner-address=7f446a1fffff VMA="7f4469a00000-7f446a200000 rw-p 00000000 00:00 0 " rss-KiB=4096 pss-KiB=4096 whole-process-maxrss-KiB=39084 minor=2031 major=0 HeapAlloc=2798336 HeapInuse=3465216 HeapReleased=4538368 StackInuse=327680 NumGC=13
    native_cache_residency_linux_amd64_test.go:98: stage=closed-idle owner-address=7f446a1fffff VMA="7f4469a00000-7f446a200000 rw-p 00000000 00:00 0 " rss-KiB=4096 pss-KiB=4096 whole-process-maxrss-KiB=39084 minor=2036 major=0 HeapAlloc=2895352 HeapInuse=3571712 HeapReleased=4538368 StackInuse=327680 NumGC=13
    native_cache_residency_linux_amd64_test.go:115: stage=small-closed-old-address owner-address=7f446a1fffff VMA="7f4469e00000-7f446a200000 rw-p 00000000 00:00 0 " rss-KiB=2048 pss-KiB=2048 whole-process-maxrss-KiB=39084 minor=2043 major=0 HeapAlloc=3010984 HeapInuse=3678208 HeapReleased=4538368 StackInuse=327680 NumGC=13
=== RUN   TestNativeIdleCacheResidencyDiagnostic/arena-table-10000
    native_cache_residency_linux_amd64_test.go:133: arena-required-bytes=0
    native_cache_residency_linux_amd64_test.go:134: stage=initialized owner-address=7f446a24f000 VMA="7f446a24f000-7f446a2de000 rw-p 00000000 00:00 0 " rss-KiB=128 pss-KiB=128 whole-process-maxrss-KiB=39084 minor=2049 major=0 HeapAlloc=3124856 HeapInuse=3801088 HeapReleased=4538368 StackInuse=294912 NumGC=13
    native_cache_residency_linux_amd64_test.go:138: stage=closed-idle owner-address=7f446a24f000 VMA="7f446a24f000-7f446a2de000 rw-p 00000000 00:00 0 " rss-KiB=128 pss-KiB=128 whole-process-maxrss-KiB=39084 minor=2049 major=0 HeapAlloc=3219824 HeapInuse=3891200 HeapReleased=4538368 StackInuse=294912 NumGC=13
    native_cache_residency_linux_amd64_test.go:149: same-arena-owner=true
    native_cache_residency_linux_amd64_test.go:156: stage=small-closed-old-address owner-address=7f446a24f000 VMA="7f446a24f000-7f446a2de000 rw-p 00000000 00:00 0 " rss-KiB=128 pss-KiB=128 whole-process-maxrss-KiB=39084 minor=2050 major=0 HeapAlloc=3335288 HeapInuse=3989504 HeapReleased=4538368 StackInuse=327680 NumGC=13
=== RUN   TestNativeIdleCacheResidencyDiagnostic/arena-table-100000
    native_cache_residency_linux_amd64_test.go:133: arena-required-bytes=0
    native_cache_residency_linux_amd64_test.go:134: stage=initialized owner-address=7f4469af2000 VMA="7f4469af2000-7f446a200000 rw-p 00000000 00:00 0 " rss-KiB=4100 pss-KiB=4100 whole-process-maxrss-KiB=39084 minor=2054 major=0 HeapAlloc=2968712 HeapInuse=3694592 HeapReleased=4538368 StackInuse=294912 NumGC=14
    native_cache_residency_linux_amd64_test.go:138: stage=closed-idle owner-address=7f4469af2000 VMA="unmapped" rss-KiB=0 pss-KiB=0 whole-process-maxrss-KiB=39084 minor=2054 major=0 HeapAlloc=2999264 HeapInuse=3702784 HeapReleased=4538368 StackInuse=294912 NumGC=14
    native_cache_residency_linux_amd64_test.go:149: same-arena-owner=false
    native_cache_residency_linux_amd64_test.go:156: stage=small-closed-old-address owner-address=7f4469af2000 VMA="unmapped" rss-KiB=0 pss-KiB=0 whole-process-maxrss-KiB=39084 minor=2057 major=0 HeapAlloc=2837912 HeapInuse=3506176 HeapReleased=4538368 StackInuse=327680 NumGC=14
--- PASS: TestNativeIdleCacheResidencyDiagnostic (0.01s)
    --- PASS: TestNativeIdleCacheResidencyDiagnostic/stack-4194304 (0.00s)
    --- PASS: TestNativeIdleCacheResidencyDiagnostic/stack-8388608 (0.00s)
    --- PASS: TestNativeIdleCacheResidencyDiagnostic/arena-table-10000 (0.00s)
    --- PASS: TestNativeIdleCacheResidencyDiagnostic/arena-table-100000 (0.00s)
PASS
ok  	github.com/wago-org/wago/src/wago	0.044s
