=== RUN   TestCompiledExecutionSnapshot
--- PASS: TestCompiledExecutionSnapshot (0.00s)
=== RUN   TestCompiledArtifactUsesExecutionSnapshot
=== RUN   TestCompiledArtifactUsesExecutionSnapshot/compiler
=== RUN   TestCompiledArtifactUsesExecutionSnapshot/compiler/valid_public_edits
=== RUN   TestCompiledArtifactUsesExecutionSnapshot/compiler/valid_public_edits/MarshalBinary
=== RUN   TestCompiledArtifactUsesExecutionSnapshot/compiler/valid_public_edits/WriteTo
=== RUN   TestCompiledArtifactUsesExecutionSnapshot/compiler/valid_public_edits/ArtifactSectionSizes
=== RUN   TestCompiledArtifactUsesExecutionSnapshot/compiler/invalid_public_edits
=== RUN   TestCompiledArtifactUsesExecutionSnapshot/compiler/invalid_public_edits/MarshalBinary
=== RUN   TestCompiledArtifactUsesExecutionSnapshot/compiler/invalid_public_edits/WriteTo
=== RUN   TestCompiledArtifactUsesExecutionSnapshot/compiler/invalid_public_edits/ArtifactSectionSizes
=== RUN   TestCompiledArtifactUsesExecutionSnapshot/loader
=== RUN   TestCompiledArtifactUsesExecutionSnapshot/loader/valid_public_edits
=== RUN   TestCompiledArtifactUsesExecutionSnapshot/loader/valid_public_edits/MarshalBinary
=== RUN   TestCompiledArtifactUsesExecutionSnapshot/loader/valid_public_edits/WriteTo
=== RUN   TestCompiledArtifactUsesExecutionSnapshot/loader/valid_public_edits/ArtifactSectionSizes
=== RUN   TestCompiledArtifactUsesExecutionSnapshot/loader/invalid_public_edits
=== RUN   TestCompiledArtifactUsesExecutionSnapshot/loader/invalid_public_edits/MarshalBinary
=== RUN   TestCompiledArtifactUsesExecutionSnapshot/loader/invalid_public_edits/WriteTo
=== RUN   TestCompiledArtifactUsesExecutionSnapshot/loader/invalid_public_edits/ArtifactSectionSizes
--- PASS: TestCompiledArtifactUsesExecutionSnapshot (0.00s)
    --- PASS: TestCompiledArtifactUsesExecutionSnapshot/compiler (0.00s)
        --- PASS: TestCompiledArtifactUsesExecutionSnapshot/compiler/valid_public_edits (0.00s)
            --- PASS: TestCompiledArtifactUsesExecutionSnapshot/compiler/valid_public_edits/MarshalBinary (0.00s)
            --- PASS: TestCompiledArtifactUsesExecutionSnapshot/compiler/valid_public_edits/WriteTo (0.00s)
            --- PASS: TestCompiledArtifactUsesExecutionSnapshot/compiler/valid_public_edits/ArtifactSectionSizes (0.00s)
        --- PASS: TestCompiledArtifactUsesExecutionSnapshot/compiler/invalid_public_edits (0.00s)
            --- PASS: TestCompiledArtifactUsesExecutionSnapshot/compiler/invalid_public_edits/MarshalBinary (0.00s)
            --- PASS: TestCompiledArtifactUsesExecutionSnapshot/compiler/invalid_public_edits/WriteTo (0.00s)
            --- PASS: TestCompiledArtifactUsesExecutionSnapshot/compiler/invalid_public_edits/ArtifactSectionSizes (0.00s)
    --- PASS: TestCompiledArtifactUsesExecutionSnapshot/loader (0.00s)
        --- PASS: TestCompiledArtifactUsesExecutionSnapshot/loader/valid_public_edits (0.00s)
            --- PASS: TestCompiledArtifactUsesExecutionSnapshot/loader/valid_public_edits/MarshalBinary (0.00s)
            --- PASS: TestCompiledArtifactUsesExecutionSnapshot/loader/valid_public_edits/WriteTo (0.00s)
            --- PASS: TestCompiledArtifactUsesExecutionSnapshot/loader/valid_public_edits/ArtifactSectionSizes (0.00s)
        --- PASS: TestCompiledArtifactUsesExecutionSnapshot/loader/invalid_public_edits (0.00s)
            --- PASS: TestCompiledArtifactUsesExecutionSnapshot/loader/invalid_public_edits/MarshalBinary (0.00s)
            --- PASS: TestCompiledArtifactUsesExecutionSnapshot/loader/invalid_public_edits/WriteTo (0.00s)
            --- PASS: TestCompiledArtifactUsesExecutionSnapshot/loader/invalid_public_edits/ArtifactSectionSizes (0.00s)
=== RUN   TestScalarSyncHostCallUsesOneScopedHandleAllocation
--- PASS: TestScalarSyncHostCallUsesOneScopedHandleAllocation (0.00s)
=== RUN   TestTypedScalarSyncHostCallAllocatesNothing
--- PASS: TestTypedScalarSyncHostCallAllocatesNothing (0.00s)
=== RUN   TestImportSnapshotFailureStable
=== RUN   TestImportSnapshotFailureStable/nil
=== RUN   TestImportSnapshotFailureStable/signature
--- PASS: TestImportSnapshotFailureStable (0.00s)
    --- PASS: TestImportSnapshotFailureStable/nil (0.00s)
    --- PASS: TestImportSnapshotFailureStable/signature (0.00s)
=== RUN   TestImportSnapshotSealedMutation
=== RUN   TestImportSnapshotSealedMutation/valid
=== RUN   TestImportSnapshotSealedMutation/nil
=== RUN   TestImportSnapshotSealedMutation/signature
--- PASS: TestImportSnapshotSealedMutation (0.00s)
    --- PASS: TestImportSnapshotSealedMutation/valid (0.00s)
    --- PASS: TestImportSnapshotSealedMutation/nil (0.00s)
    --- PASS: TestImportSnapshotSealedMutation/signature (0.00s)
=== RUN   TestImportSnapshotConcurrentStable
=== RUN   TestImportSnapshotConcurrentStable/valid
=== RUN   TestImportSnapshotConcurrentStable/nil
=== RUN   TestImportSnapshotConcurrentStable/signature
--- PASS: TestImportSnapshotConcurrentStable (0.00s)
    --- PASS: TestImportSnapshotConcurrentStable/valid (0.00s)
    --- PASS: TestImportSnapshotConcurrentStable/nil (0.00s)
    --- PASS: TestImportSnapshotConcurrentStable/signature (0.00s)
=== RUN   TestImportSnapshotFirstValidationComplete
--- PASS: TestImportSnapshotFirstValidationComplete (0.00s)
=== RUN   TestImportSnapshotDeclarationCallbacks
=== RUN   TestImportSnapshotDeclarationCallbacks/false
=== RUN   TestImportSnapshotDeclarationCallbacks/true
--- PASS: TestImportSnapshotDeclarationCallbacks (0.00s)
    --- PASS: TestImportSnapshotDeclarationCallbacks/false (0.00s)
    --- PASS: TestImportSnapshotDeclarationCallbacks/true (0.00s)
=== RUN   TestImportSnapshotConcurrentAndAllocationBudget
--- PASS: TestImportSnapshotConcurrentAndAllocationBudget (0.00s)
=== RUN   TestCompiledActiveDataPrivateOwnership
    input_retention_test.go:35: public data still aliases caller input; compact-copy candidate was rejected
--- PASS: TestCompiledActiveDataPrivateOwnership (0.00s)
=== RUN   TestNativeIdleCacheResidencyDiagnostic
=== RUN   TestNativeIdleCacheResidencyDiagnostic/stack-4194304
    native_cache_residency_linux_amd64_test.go:94: stage=created owner-address=7fda8e3fffff VMA="7fda8e000000-7fda8e400000 rw-p 00000000 00:00 0 " rss-KiB=2048 pss-KiB=2048 anon-huge-KiB=2048 whole-process-maxrss-KiB=35444 minor=1178 major=0 HeapAlloc=2078328 HeapInuse=2891776 HeapReleased=360448 StackInuse=327680 NumGC=16
    native_cache_residency_linux_amd64_test.go:102: stage=touched owner-address=7fda8e3fffff VMA="7fda8e000000-7fda8e400000 rw-p 00000000 00:00 0 " rss-KiB=2048 pss-KiB=2048 anon-huge-KiB=2048 whole-process-maxrss-KiB=35444 minor=1183 major=0 HeapAlloc=2160512 HeapInuse=2973696 HeapReleased=360448 StackInuse=327680 NumGC=16
    native_cache_residency_linux_amd64_test.go:107: stage=closed-idle owner-address=7fda8e3fffff VMA="7fda8e000000-7fda8e400000 rw-p 00000000 00:00 0 " rss-KiB=2048 pss-KiB=2048 anon-huge-KiB=2048 whole-process-maxrss-KiB=35444 minor=1185 major=0 HeapAlloc=1200280 HeapInuse=2080768 HeapReleased=3375104 StackInuse=327680 NumGC=16
    native_cache_residency_linux_amd64_test.go:118: same-engine-owner=true
    native_cache_residency_linux_amd64_test.go:125: stage=small-closed-old-address owner-address=7fda8e3fffff VMA="7fda8e000000-7fda8e400000 rw-p 00000000 00:00 0 " rss-KiB=2048 pss-KiB=2048 anon-huge-KiB=2048 whole-process-maxrss-KiB=35444 minor=1192 major=0 HeapAlloc=1300264 HeapInuse=2179072 HeapReleased=3375104 StackInuse=327680 NumGC=16
=== RUN   TestNativeIdleCacheResidencyDiagnostic/stack-8388608
    native_cache_residency_linux_amd64_test.go:94: stage=created owner-address=7fda8e7fffff VMA="7fda8e000000-7fda8e800000 rw-p 00000000 00:00 0 " rss-KiB=0 pss-KiB=0 anon-huge-KiB=0 whole-process-maxrss-KiB=35444 minor=1208 major=0 HeapAlloc=1650840 HeapInuse=2400256 HeapReleased=3375104 StackInuse=327680 NumGC=16
    native_cache_residency_linux_amd64_test.go:102: stage=touched owner-address=7fda8e7fffff VMA="7fda8e000000-7fda8e800000 rw-p 00000000 00:00 0 " rss-KiB=4096 pss-KiB=4096 anon-huge-KiB=4096 whole-process-maxrss-KiB=35444 minor=1210 major=0 HeapAlloc=1732384 HeapInuse=2490368 HeapReleased=3375104 StackInuse=327680 NumGC=16
    native_cache_residency_linux_amd64_test.go:107: stage=closed-idle owner-address=7fda8e7fffff VMA="7fda8e000000-7fda8e800000 rw-p 00000000 00:00 0 " rss-KiB=4096 pss-KiB=4096 anon-huge-KiB=4096 whole-process-maxrss-KiB=35444 minor=1213 major=0 HeapAlloc=1813496 HeapInuse=2555904 HeapReleased=3440640 StackInuse=327680 NumGC=16
    native_cache_residency_linux_amd64_test.go:118: same-engine-owner=false
    native_cache_residency_linux_amd64_test.go:125: stage=small-closed-old-address owner-address=7fda8e7fffff VMA="7fda8e400000-7fda8e800000 rw-p 00000000 00:00 0 " rss-KiB=2048 pss-KiB=2048 anon-huge-KiB=2048 whole-process-maxrss-KiB=35444 minor=1219 major=0 HeapAlloc=1917224 HeapInuse=2637824 HeapReleased=3440640 StackInuse=327680 NumGC=16
=== RUN   TestNativeIdleCacheResidencyDiagnostic/arena-table-10000
    native_cache_residency_linux_amd64_test.go:143: arena-required-bytes=320264
    native_cache_residency_linux_amd64_test.go:144: stage=initialized owner-address=7fda8e830000 VMA="7fda8e830000-7fda8e8bf000 rw-p 00000000 00:00 0 " rss-KiB=24 pss-KiB=24 anon-huge-KiB=0 whole-process-maxrss-KiB=35444 minor=1226 major=0 HeapAlloc=2017792 HeapInuse=2752512 HeapReleased=3440640 StackInuse=327680 NumGC=16
    native_cache_residency_linux_amd64_test.go:149: stage=closed-idle owner-address=7fda8e830000 VMA="7fda8e830000-7fda8e8bf000 rw-p 00000000 00:00 0 " rss-KiB=32 pss-KiB=32 anon-huge-KiB=0 whole-process-maxrss-KiB=35444 minor=1226 major=0 HeapAlloc=2099352 HeapInuse=2834432 HeapReleased=3440640 StackInuse=327680 NumGC=16
    native_cache_residency_linux_amd64_test.go:160: same-arena-owner=true
    native_cache_residency_linux_amd64_test.go:167: stage=small-closed-old-address owner-address=7fda8e830000 VMA="7fda8e830000-7fda8e8bf000 rw-p 00000000 00:00 0 " rss-KiB=32 pss-KiB=32 anon-huge-KiB=0 whole-process-maxrss-KiB=35444 minor=1228 major=0 HeapAlloc=2202264 HeapInuse=2916352 HeapReleased=3440640 StackInuse=360448 NumGC=16
=== RUN   TestNativeIdleCacheResidencyDiagnostic/arena-table-100000
    native_cache_residency_linux_amd64_test.go:143: arena-required-bytes=3200264
    native_cache_residency_linux_amd64_test.go:144: stage=initialized owner-address=7fda8e0f2000 VMA="7fda8e0f2000-7fda8e800000 rw-p 00000000 00:00 0 " rss-KiB=4100 pss-KiB=4100 anon-huge-KiB=4096 whole-process-maxrss-KiB=35444 minor=1233 major=0 HeapAlloc=2302944 HeapInuse=3022848 HeapReleased=3440640 StackInuse=360448 NumGC=16
    native_cache_residency_linux_amd64_test.go:149: stage=closed-idle owner-address=7fda8e0f2000 VMA="unmapped" rss-KiB=0 pss-KiB=0 anon-huge-KiB=0 whole-process-maxrss-KiB=35444 minor=1236 major=0 HeapAlloc=2384472 HeapInuse=3088384 HeapReleased=3440640 StackInuse=360448 NumGC=16
    native_cache_residency_linux_amd64_test.go:160: same-arena-owner=false
    native_cache_residency_linux_amd64_test.go:167: stage=small-closed-old-address owner-address=7fda8e0f2000 VMA="unmapped" rss-KiB=0 pss-KiB=0 anon-huge-KiB=0 whole-process-maxrss-KiB=35444 minor=1239 major=0 HeapAlloc=2486920 HeapInuse=3186688 HeapReleased=3440640 StackInuse=360448 NumGC=16
--- PASS: TestNativeIdleCacheResidencyDiagnostic (0.77s)
    --- PASS: TestNativeIdleCacheResidencyDiagnostic/stack-4194304 (0.16s)
    --- PASS: TestNativeIdleCacheResidencyDiagnostic/stack-8388608 (0.20s)
    --- PASS: TestNativeIdleCacheResidencyDiagnostic/arena-table-10000 (0.20s)
    --- PASS: TestNativeIdleCacheResidencyDiagnostic/arena-table-100000 (0.20s)
PASS
ok  	github.com/wago-org/wago/src/wago	0.809s
