{
  "baseline_hits": 1,
  "diagnostic_functions": 2,
  "disabled": false,
  "experimental_hits": 0,
  "input_sha256": "61bc06924f4d51a179ebf19a1732002168b8899eb2cfa79886bdffdc9cbefabf",
  "native_bytes": 472,
  "native_sha256": "40b6a3b7af240f5e8c529aea79627687a7287dc1b5d64b7a3e8e5b0edc937a8c",
  "path": "corpus/workloads/synthetic/memory.wasm",
  "selected_functions": [
    {
      "SharedScalar": false,
      "ScalarBodyBytes": 44,
      "ScalarAdmissionNanos": 431,
      "ScalarSpills": 0,
      "ScalarReloads": 0,
      "CodeSites": null,
      "RecordAdapterUnwind": false,
      "AdapterUnwind": null,
      "RecordUnwind": false,
      "UnwindHasCalls": false,
      "UnwindInternalOffset": 0,
      "UnwindRanges": null,
      "RecordSources": false,
      "SourceInternalOffset": 0,
      "SourceRanges": null,
      "SourceFrames": null,
      "FuncIdx": 1,
      "Name": "sum",
      "CodeBytes": 312,
      "FrameBytes": 40,
      "MaxSpillSlots": 1,
      "GCCodeBytes": {
        "Total": 312,
        "Allocation": 0,
        "HandleResolution": 0,
        "TypeCast": 0,
        "NullCheck": 0,
        "BoundsCheck": 0,
        "Barrier": 0,
        "SpillReload": 0,
        "HelperCall": 0,
        "SharedStub": 0,
        "TrapStub": 30,
        "RootMap": 0
      },
      "NativeSize": {
        "total_bytes": 312,
        "host_adapter_bytes": 24,
        "adapter_to_internal_padding_bytes": 0,
        "internal_function_bytes": 288,
        "frame_adjustment_bytes": 14,
        "dead_frame_reservation_bytes": 6,
        "branch_fold_hole_bytes": 5,
        "store_load_nop_bytes": 0,
        "literal_pool_bytes": 0,
        "host_adapter_shape_hash": 8426532193719736532,
        "host_adapter_tail_bytes": 5,
        "host_adapter_tail_shape_hash": 15373901151622271395
      },
      "Encoding": {
        "memory_disp0": 6,
        "memory_disp8": 9,
        "memory_disp32": 1,
        "frame_disp0": 0,
        "frame_disp8": 2,
        "frame_disp32": 0,
        "local_disp0": 0,
        "local_disp8": 0,
        "local_disp32": 0,
        "rex_prefixes": 44,
        "rex_w_prefixes": 27,
        "rex_bare_prefixes": 0,
        "mov_imm32": 3,
        "mov_imm32_sign_extended": 0,
        "mov_imm64": 1,
        "mov_imm64_narrowed": 2,
        "mov_imm64_bytes_saved": 9,
        "shift_imm_zero_elided": 0,
        "shift_imm_one": 0,
        "shift_imm8": 3,
        "shift_imm_bytes_saved": 0,
        "alu_imm32_accumulator": 0,
        "test_imm32_accumulator": 0
      },
      "rel32_sites": 12,
      "InlineSiteBytes": 0,
      "Flushes": 5,
      "FlushBelows": 1,
      "Condenses": 2,
      "Spills": 0,
      "Reloads": 0,
      "MemRefsForcedByStore": 0,
      "BoundsChecks": 2,
      "BoundsChecksElidable": 1,
      "BoundsChecksInLoop": 0,
      "BoundsChecksHoistable": 0,
      "TrapStubs": 1,
      "TrapGroups": 1,
      "GCHandleResolutions": 0,
      "GCHandleResolutionReuse": 0,
      "Calls": null,
      "PinnedLocals": 3,
      "PinnedGlobalsValue": 0,
      "PinRelinquishments": 0,
      "Residency": {
        "Events": 0,
        "EventOverflows": 0,
        "Candidates": 0,
        "Activations": 0,
        "ActivationLoads": 0,
        "PressureMisses": 0,
        "Evictions": 0,
        "DirtyWritebacks": 0,
        "FinalTransfers": 0,
        "MaxActive": 0,
        "Shadow": {
          "Candidates": 0,
          "Versions": 0,
          "Segments": 0,
          "Profitable": 0,
          "Reads": 0,
          "Defines": 0,
          "LoadsAvoided": 0,
          "SyncDebt": 0,
          "MaxLive": 0,
          "PressureDebt": 0,
          "Admissions": 0,
          "Evictions": 0,
          "Reloads": 0,
          "Writebacks": 0,
          "FailSoft": 0
        }
      },
      "CompileNanos": 10379,
      "FunctionAttempts": 1,
      "Peephole": {
        "addr-zext-elim": 1,
        "br-pair-fold": 1,
        "cmp-branch-fuse": 1,
        "compact-i32-frame": 1,
        "compact-loop-align32": 1,
        "counted-loop-bounds-hoist": 1,
        "counted-loop-latch": 1,
        "frame-header-elide": 1,
        "linear-sum-unroll4": 1
      }
    }
  ],
  "variant": "baseline"
}
